Fixture /api/v1/auth/native/login/start HTTP 200
Fixture /api/v1/auth/native/login/complete HTTP 200
Fixture /api/v1/sync HTTP 200
Fixture /api/v1/sync/changes HTTP 200
Fixture /api/v1/sync/mutations HTTP 200
Fixture /api/v1/sync/changes HTTP 200
Fixture /api/v1/sync HTTP 200
Fixture /api/v1/sync/changes HTTP 200
Fixture /api/v1/sync/changes HTTP 200
Fixture /api/v1/sync/records/preferences/agent_model HTTP 200
Fixture /api/v1/sync HTTP 200
Fixture /api/v1/sync/changes HTTP 200
Fixture /api/v1/sync/mutations HTTP 200
Fixture /api/v1/sync/changes HTTP 200
Fixture /api/v1/sync/records/preferences/cleanup_enabled HTTP 200
Fixture /api/v1/sync HTTP 200
Fixture /api/v1/sync/changes HTTP 200
Fixture /api/v1/sync/mutations HTTP 200
Fixture /api/v1/sync/changes HTTP 200
Fixture /api/v1/sync/records/preferences/vocabulary HTTP 200
Fixture /api/v1/sync HTTP 200
Fixture /api/v1/sync/changes HTTP 200
Fixture /api/v1/sync/mutations HTTP 200
Fixture /api/v1/sync/changes HTTP 200
Fixture /api/v1/sync HTTP 200
Fixture /api/v1/sync/changes HTTP 200
Fixture /api/v1/sync/changes HTTP 200
Fixture /api/v1/auth/native/logout HTTP 200
